
> @google/gemini-cli-core@0.21.0-nightly.20251219.70696e364 test:ci
> vitest run


 RUN  v3.2.4 /home/profharita/Code/termAI/packages/core
      Coverage enabled with v8

 ✓ src/mcp/token-storage/keychain-token-storage.test.ts (29 tests) 322ms
 ✓ src/policy/config.test.ts (19 tests) 465ms
 ✓ src/mcp/token-storage/file-token-storage.test.ts (16 tests) 714ms
 ✓ src/tools/ripGrep.test.ts (51 tests | 1 skipped) 415ms
 ✓ src/tools/grep.test.ts (24 tests) 209ms
 ✓ src/services/shellExecutionService.test.ts (50 tests | 1 skipped) 709ms
 ✓ src/mcp/oauth-provider.test.ts (34 tests) 1265ms
   ✓ MCPOAuthProvider > authenticate > should handle invalid callback request  1003ms
 ✓ src/tools/ls.test.ts (21 tests) 209ms
 ✓ src/tools/shell.test.ts (27 tests | 1 skipped) 268ms
 ✓ src/tools/confirmation-policy.test.ts (8 tests) 292ms
 ✓ src/telemetry/clearcut-logger/clearcut-logger.test.ts (45 tests) 346ms
 ✓ src/tools/edit.test.ts (56 tests) 274ms
 ✓ src/tools/mcp-client.test.ts (55 tests) 435ms
 ✓ src/core/coreToolScheduler.test.ts (38 tests) 372ms
 ✓ src/services/loopDetectionService.test.ts (47 tests) 274ms
 ✓ src/tools/read-many-files.test.ts (31 tests) 344ms
 ✓ src/tools/read-file.test.ts (29 tests) 217ms
 ✓ src/config/config.test.ts (119 tests) 182ms
 ✓ src/tools/write-file.test.ts (31 tests) 189ms
 ✓ src/utils/filesearch/fileSearch.test.ts (27 tests) 106ms
 ✓ src/utils/memoryDiscovery.test.ts (29 tests) 166ms
 ✓ src/tools/mcp-tool.test.ts (43 tests) 106ms
 ✓ src/utils/pathReader.test.ts (18 tests) 113ms
 ❯ src/core/client.test.ts (56 tests | 1 failed | 1 skipped) 673ms
   ✓ Gemini Client (client.ts) > addHistory > should call chat.addHistory with the provided content 12ms
   ✓ Gemini Client (client.ts) > resetChat > should create a new chat session, clearing the old history 5ms
   × Gemini Client (client.ts) > startChat > should include environment context when resuming a session 25ms
     → expected 'This is TermAI, a general terminal ag…' to contain 'This is the Gemini CLI'
   ✓ Gemini Client (client.ts) > tryCompressChat > when compression inflates the token count > allows compression to be forced/manual after a failure 7ms
   ✓ Gemini Client (client.ts) > tryCompressChat > when compression inflates the token count > yields the result even if the compression inflated the tokens 5ms
   ✓ Gemini Client (client.ts) > tryCompressChat > when compression inflates the token count > does not manipulate the source chat 6ms
   ↓ Gemini Client (client.ts) > tryCompressChat > when compression inflates the token count > will not attempt to compress context after a failure
   ✓ Gemini Client (client.ts) > tryCompressChat > should correctly latch hasFailedCompressionAttempt flag 5ms
   ✓ Gemini Client (client.ts) > tryCompressChat > should not trigger summarization if token count is below threshold 5ms
   ✓ Gemini Client (client.ts) > tryCompressChat > should return NOOP if history is too short to compress 6ms
   ✓ Gemini Client (client.ts) > sendMessageStream > emits a compression event when the context was automatically compressed 9ms
   ✓ Gemini Client (client.ts) > sendMessageStream > does not emit a compression event when the status is 2 5ms
   ✓ Gemini Client (client.ts) > sendMessageStream > does not emit a compression event when the status is 4 5ms
   ✓ Gemini Client (client.ts) > sendMessageStream > should include editor context when ideMode is enabled 6ms
   ✓ Gemini Client (client.ts) > sendMessageStream > should not add context if ideMode is enabled but no open files 7ms
   ✓ Gemini Client (client.ts) > sendMessageStream > should add context if ideMode is enabled and there is one active file 7ms
   ✓ Gemini Client (client.ts) > sendMessageStream > should add context if ideMode is enabled and there are open files but no active file 6ms
   ✓ Gemini Client (client.ts) > sendMessageStream > should use local estimation for text-only requests and NOT call countTokens 6ms
   ✓ Gemini Client (client.ts) > sendMessageStream > should use countTokens API for requests with non-text parts 7ms
   ✓ Gemini Client (client.ts) > sendMessageStream > should estimate CJK characters more conservatively (closer to 1 token/char) 6ms
   ✓ Gemini Client (client.ts) > sendMessageStream > should return the turn instance after the stream is complete 7ms
   ✓ Gemini Client (client.ts) > sendMessageStream > should stop infinite loop after MAX_TURNS when nextSpeaker always returns model 19ms
   ✓ Gemini Client (client.ts) > sendMessageStream > should yield MaxSessionTurns and stop when session turn limit is reached 7ms
   ✓ Gemini Client (client.ts) > sendMessageStream > should respect MAX_TURNS limit even when turns parameter is set to a large value 29ms
   ✓ Gemini Client (client.ts) > sendMessageStream > should yield ContextWindowWillOverflow when the context window is about to overflow 11ms
   ✓ Gemini Client (client.ts) > sendMessageStream > should use the sticky model's token limit for the overflow check 12ms
   ✓ Gemini Client (client.ts) > sendMessageStream > should not trigger overflow warning for requests with large binary data (PDFs/images) 12ms
   ✓ Gemini Client (client.ts) > sendMessageStream > Model Routing > should use the model router service to select a model on the first turn 21ms
   ✓ Gemini Client (client.ts) > sendMessageStream > Model Routing > should use the same model for subsequent turns in the same prompt (stickiness) 11ms
   ✓ Gemini Client (client.ts) > sendMessageStream > Model Routing > should reset the sticky model and re-route when the prompt_id changes 13ms
   ✓ Gemini Client (client.ts) > sendMessageStream > should use getGlobalMemory for system instruction when JIT is enabled 12ms
   ✓ Gemini Client (client.ts) > sendMessageStream > should use getUserMemory for system instruction when JIT is disabled 11ms
   ✓ Gemini Client (client.ts) > sendMessageStream > should recursively call sendMessageStream with "Please continue." when InvalidStream event is received 12ms
   ✓ Gemini Client (client.ts) > sendMessageStream > should not recursively call sendMessageStream with "Please continue." when InvalidStream event is received and flag is false 14ms
   ✓ Gemini Client (client.ts) > sendMessageStream > should stop recursing after one retry when InvalidStream events are repeatedly received 14ms
   ✓ Gemini Client (client.ts) > sendMessageStream > Editor context delta > 'sends delta when active file changes' 15ms
   ✓ Gemini Client (client.ts) > sendMessageStream > Editor context delta > 'sends delta when cursor line changes' 14ms
   ✓ Gemini Client (client.ts) > sendMessageStream > Editor context delta > 'sends delta when cursor character cha…' 13ms
   ✓ Gemini Client (client.ts) > sendMessageStream > Editor context delta > 'sends delta when selected text changes' 13ms
   ✓ Gemini Client (client.ts) > sendMessageStream > Editor context delta > 'sends delta when selected text is add…' 16ms
   ✓ Gemini Client (client.ts) > sendMessageStream > Editor context delta > 'sends delta when selected text is rem…' 15ms
   ✓ Gemini Client (client.ts) > sendMessageStream > Editor context delta > 'does not send context when nothing ch…' 15ms
   ✓ Gemini Client (client.ts) > sendMessageStream > Editor context delta > sends full context when history is cleared, even if editor state is unchanged 16ms
   ✓ Gemini Client (client.ts) > sendMessageStream > Availability Service Integration > should select first available model, set active, and not consume sticky attempt (done lower in chain) 17ms
   ✓ Gemini Client (client.ts) > sendMessageStream > Availability Service Integration > should default to last resort model if selection returns null 12ms
   ✓ Gemini Client (client.ts) > sendMessageStream > Availability Service Integration > should reset turn on new message stream 8ms
   ✓ Gemini Client (client.ts) > sendMessageStream > Availability Service Integration > should NOT reset turn on invalid stream retry 11ms
   ✓ Gemini Client (client.ts) > sendMessageStream > IDE context with pending tool calls > should NOT add IDE context when a tool call is pending 18ms
   ✓ Gemini Client (client.ts) > sendMessageStream > IDE context with pending tool calls > should add IDE context when no tool call is pending 18ms
   ✓ Gemini Client (client.ts) > sendMessageStream > IDE context with pending tool calls > should send the latest IDE context on the next message after a skipped context 17ms
   ✓ Gemini Client (client.ts) > sendMessageStream > IDE context with pending tool calls > should send a context DELTA on the next message after a skipped context 18ms
   ✓ Gemini Client (client.ts) > sendMessageStream > should not call checkNextSpeaker when turn.run() yields an error 19ms
   ✓ Gemini Client (client.ts) > sendMessageStream > should not call checkNextSpeaker when turn.run() yields a value then an error 20ms
   ✓ Gemini Client (client.ts) > sendMessageStream > should abort linked signal when loop is detected 20ms
   ✓ Gemini Client (client.ts) > generateContent > should call generateContent with the correct parameters 22ms
   ✓ Gemini Client (client.ts) > generateContent > should use current model from config for content generation 8ms
 ✓ src/core/geminiChat_network_retry.test.ts (3 tests) 1017ms
   ✓ GeminiChat Network Retries > should retry when a 503 ApiError occurs during stream iteration  511ms
   ✓ GeminiChat Network Retries > should retry on generic network error if retryFetchErrors is true  502ms
 ✓ src/services/fileDiscoveryService.test.ts (20 tests) 62ms
 ✓ src/hooks/hookRunner.test.ts (19 tests) 94ms
 ✓ src/tools/smart-edit.test.ts (24 tests) 179ms
 ✓ src/policy/toml-loader.test.ts (25 tests) 87ms
 ✓ src/utils/filesearch/crawler.test.ts (18 tests) 75ms
 ✓ src/utils/terminalSerializer.test.ts (17 tests) 83ms
 ✓ src/utils/fileUtils.test.ts (72 tests) 122ms
 ✓ src/utils/getFolderStructure.test.ts (15 tests) 71ms
 ✓ src/tools/glob.test.ts (37 tests) 1862ms
 ✓ src/tools/memoryTool.test.ts (19 tests) 61ms
 ✓ src/services/gitService.test.ts (17 tests) 77ms
 ✓ src/core/logger.test.ts (39 tests) 154ms
 ✓ src/tools/get-internal-docs.test.ts (4 tests) 64ms
 ✓ src/ide/ide-client.test.ts (36 tests) 53ms
 ✓ src/utils/shell-utils.test.ts (34 tests | 1 skipped) 94ms
 ✓ src/agents/delegate-to-agent-tool.test.ts (8 tests) 56ms
 ✓ src/policy/shell-safety.test.ts (5 tests) 88ms
 ✓ src/policy/policy-engine.test.ts (60 tests) 70ms
 ✓ src/telemetry/memory-monitor.test.ts (31 tests) 36ms
 ✓ src/tools/message-bus-integration.test.ts (9 tests) 82ms
 ✓ src/code_assist/experiments/client_metadata.test.ts (12 tests) 56ms
 ✓ src/utils/gitIgnoreParser.test.ts (25 tests) 57ms
 ✓ src/tools/web-fetch.test.ts (32 tests) 96ms
 ✓ src/utils/schemaValidator.test.ts (7 tests) 45ms
 ✓ src/telemetry/gcp-exporters.test.ts (18 tests) 46ms
 ✓ src/utils/shell-permissions.test.ts (43 tests | 1 skipped) 106ms
 ✓ src/utils/memoryImportProcessor.test.ts (25 tests) 44ms
 ✓ src/utils/bfsFileSearch.test.ts (16 tests) 69ms
 ✓ src/tools/process-manager.test.ts (4 tests) 137ms
 ✓ src/agents/toml-loader.test.ts (13 tests) 51ms
 ✓ src/code_assist/oauth2.test.ts (28 tests) 139ms
 ✓ src/core/prompts.test.ts (41 tests) 57ms
 ✓ src/utils/workspaceContext.test.ts (34 tests) 26ms
 ✓ src/tools/tool-registry.test.ts (14 tests) 83ms
 ✓ src/agents/local-executor.test.ts (32 tests) 98ms
 ✓ src/tools/modifiable-tool.test.ts (12 tests) 49ms
 ✓ src/safety/built-in.test.ts (14 tests) 69ms
 ✓ src/mcp/google-auth-provider.test.ts (15 tests) 44ms
 ✓ src/utils/environmentContext.test.ts (6 tests) 33ms
 ✓ src/telemetry/loggers.test.ts (35 tests) 85ms
 ✓ src/utils/userAccountManager.test.ts (23 tests) 50ms
 ✓ src/utils/editor.test.ts (110 tests) 39ms
 ✓ src/utils/events.test.ts (15 tests) 104ms
 ✓ src/tools/write-todos.test.ts (9 tests) 56ms
 ✓ src/utils/checkpointUtils.test.ts (15 tests) 23ms
 ✓ src/hooks/hookRegistry.test.ts (19 tests) 23ms
 ✓ src/safety/checker-runner.test.ts (9 tests) 31ms
 ✓ src/utils/editCorrector.test.ts (40 tests) 38ms
 ✓ src/utils/errorReporting.test.ts (6 tests) 26ms
 ✓ src/policy/persistence.test.ts (5 tests) 20ms
 ✓ src/services/sessionSummaryService.test.ts (33 tests) 49ms
 ✓ src/mcp/oauth-token-storage.test.ts (28 tests) 29ms
 ✓ src/hooks/hookSystem.test.ts (8 tests) 78ms
 ✓ src/tools/web-search.test.ts (9 tests) 87ms
 ✓ src/mcp/sa-impersonation-provider.test.ts (8 tests) 27ms
 ✓ src/core/baseLlmClient.test.ts (29 tests) 62ms
 ✓ src/mcp/oauth-utils.test.ts (31 tests) 26ms
 ✓ src/utils/geminiIgnoreParser.test.ts (2 tests) 28ms
 ✓ src/hooks/types.test.ts (35 tests) 23ms
 ✓ src/core/contentGenerator.test.ts (16 tests) 45ms
 ✓ src/utils/retry.test.ts (30 tests) 77ms
 ✓ src/utils/systemEncoding.test.ts (38 tests) 20ms
 ✓ src/code_assist/oauth-credential-storage.test.ts (16 tests) 26ms
(node:69472) MaxListenersExceededWarning: Possible EventEmitter memory leak detected. 11 SIGTERM listeners added to [process]. MaxListeners is 10. Use emitter.setMaxListeners() to increase limit
(Use `node --trace-warnings ...` to show where the warning was created)
(node:69472) MaxListenersExceededWarning: Possible EventEmitter memory leak detected. 11 SIGINT listeners added to [process]. MaxListeners is 10. Use emitter.setMaxListeners() to increase limit
 ✓ src/telemetry/sdk.test.ts (16 tests) 65ms
 ✓ src/commands/restore.test.ts (6 tests) 18ms
 ✓ src/code_assist/server.test.ts (19 tests) 66ms
 ✓ src/agents/subagent-tool-wrapper.test.ts (7 tests) 56ms
 ✓ src/output/stream-json-formatter.test.ts (20 tests) 16ms
 ✓ src/ide/ideContext.test.ts (23 tests) 24ms
 ✓ src/core/apiKeyCredentialStorage.test.ts (7 tests) 13ms
 ✓ src/utils/summarizer.test.ts (8 tests) 72ms
 ✓ src/ide/ide-installer.test.ts (15 tests) 25ms
 ✓ src/mcp/token-storage/hybrid-token-storage.test.ts (11 tests) 29ms
 ✓ src/routing/modelRouterService.test.ts (5 tests) 46ms
 ✓ src/telemetry/activity-detector.test.ts (13 tests) 10ms
 ✓ src/telemetry/high-water-mark-tracker.test.ts (18 tests) 15ms
 ✓ src/utils/ignorePatterns.test.ts (28 tests) 25ms
 ✓ src/services/modelConfigService.test.ts (26 tests) 14ms
 ✓ src/utils/filesearch/ignore.test.ts (12 tests) 23ms
 ✓ src/telemetry/startupProfiler.test.ts (22 tests) 38ms
 ✓ src/services/modelConfig.golden.test.ts (2 tests) 12ms
 ✓ src/hooks/hookTranslator.test.ts (10 tests) 11ms
 ✓ src/core/loggingContentGenerator.test.ts (7 tests) 22ms
 ✓ src/utils/paths.test.ts (88 tests | 17 skipped) 22ms
 ✓ src/utils/nextSpeakerChecker.test.ts (10 tests) 25ms
 ✓ src/services/chatRecordingService.test.ts (10 tests) 43ms
 ✓ src/telemetry/rate-limiter.test.ts (24 tests) 15ms
 ✓ src/tools/tools.test.ts (11 tests) 13ms
 ✓ src/ide/process-utils.test.ts (8 tests) 7ms
 ✓ src/core/geminiChat.test.ts (43 tests) 6736ms
   ✓ GeminiChat > sendMessageStream > should fail if the stream ends with an empty part and has no finishReason  505ms
   ✓ GeminiChat > sendMessageStream > should throw an error when a tool call is followed by an empty stream response  503ms
   ✓ GeminiChat > sendMessageStream > should throw InvalidStreamError when no tool call and no finish reason  503ms
   ✓ GeminiChat > sendMessageStream > should throw InvalidStreamError when no tool call and empty response text  504ms
   ✓ GeminiChat > sendMessageStream > should throw InvalidStreamError when finishReason is MALFORMED_FUNCTION_CALL  503ms
   ✓ GeminiChat > sendMessageStream > should retry when finishReason is MALFORMED_FUNCTION_CALL  505ms
   ✓ GeminiChat > sendMessageStream with retries > should yield a RETRY event when an invalid stream is encountered  506ms
   ✓ GeminiChat > sendMessageStream with retries > should retry on invalid content, succeed, and report metrics  507ms
   ✓ GeminiChat > sendMessageStream with retries > should set temperature to 1 on retry  508ms
   ✓ GeminiChat > sendMessageStream with retries > should fail after all retries on persistent invalid content and report metrics  506ms
   ✓ GeminiChat > should correctly retry and append to an existing history mid-conversation  506ms
   ✓ GeminiChat > should retry if the model returns a completely empty stream (no chunks)  506ms
   ✓ GeminiChat > should discard valid partial content from a failed attempt upon retry  506ms
 ✓ src/availability/policyHelpers.test.ts (12 tests) 16ms
 ✓ src/prompts/prompt-registry.test.ts (7 tests) 18ms
 ✓ src/agents/registry.test.ts (23 tests) 34ms
 ✓ src/utils/llm-edit-fixer.test.ts (8 tests) 20ms
 ✓ src/code_assist/experiments/experiments.test.ts (4 tests) 29ms
 ✓ src/utils/secure-browser-launcher.test.ts (14 tests) 29ms
 ✓ src/hooks/hookPlanner.test.ts (10 tests) 20ms
 ✓ src/routing/strategies/compositeStrategy.test.ts (6 tests) 12ms
 ✓ src/routing/strategies/classifierStrategy.test.ts (8 tests) 13ms
 ✓ src/telemetry/telemetry.test.ts (2 tests) 19ms
 ✓ src/utils/googleErrors.test.ts (13 tests) 14ms
 ✓ src/services/sessionSummaryUtils.test.ts (10 tests) 26ms
 ✓ src/tools/mcp-client-manager.test.ts (11 tests) 31ms
 ✓ src/hooks/hookEventHandler.test.ts (10 tests) 35ms
 ✓ src/ide/detect-ide.test.ts (15 tests) 5ms
 ✓ src/hooks/hookAggregator.test.ts (10 tests) 13ms
 ✓ src/confirmation-bus/message-bus.test.ts (10 tests) 17ms
 ✓ src/telemetry/activity-monitor.test.ts (22 tests) 20ms
 ✓ src/utils/pathCorrector.test.ts (4 tests) 14ms
 ✓ src/services/contextManager.test.ts (4 tests) 11ms
 ✓ src/config/models.test.ts (23 tests) 10ms
 ✓ src/utils/filesearch/crawlCache.test.ts (9 tests) 11ms
 ✓ src/utils/debugLogger.test.ts (6 tests) 10ms
 ✓ src/core/fakeContentGenerator.test.ts (7 tests) 13ms
 ✓ src/utils/googleQuotaErrors.test.ts (20 tests) 16ms
 ✓ src/agents/utils.test.ts (12 tests) 15ms
 ✓ src/core/nonInteractiveToolExecutor.test.ts (8 tests) 33ms
 ✓ src/utils/delay.test.ts (7 tests) 25ms
 ✓ src/availability/modelAvailabilityService.test.ts (9 tests) 6ms
 ✓ src/code_assist/converter.test.ts (24 tests) 14ms
 ✓ src/telemetry/semantic.test.ts (21 tests) 9ms
 ✓ src/utils/generateContentResponseUtilities.test.ts (34 tests) 15ms
 ✓ src/tools/base-tool-invocation.test.ts (2 tests) 9ms
 ✓ src/fallback/handler.test.ts (14 tests) 37ms
 ✓ src/utils/customHeaderUtils.test.ts (11 tests) 5ms
 ✓ src/availability/policyCatalog.test.ts (10 tests) 6ms
 ✓ src/agents/local-invocation.test.ts (11 tests) 18ms
 ✓ src/services/fileSystemService.test.ts (3 tests) 10ms
 ✓ src/output/json-formatter.test.ts (17 tests) 12ms
 ✓ src/services/modelConfig.integration.test.ts (10 tests) 7ms
 ✓ src/routing/strategies/fallbackStrategy.test.ts (4 tests) 7ms
 ✓ src/core/recordingContentGenerator.test.ts (4 tests) 10ms
 ✓ src/utils/channel.test.ts (22 tests) 12ms
 ✓ src/agents/schema-utils.test.ts (6 tests) 10ms
 ✓ src/utils/tokenCalculation.test.ts (7 tests) 5ms
 ✓ src/utils/thoughtUtils.test.ts (11 tests) 5ms
 ✓ src/safety/context-builder.test.ts (3 tests) 9ms
 ✓ src/utils/errors.test.ts (15 tests) 9ms
 ✓ src/utils/version.test.ts (3 tests) 5ms
 ✓ src/tools/diffOptions.test.ts (9 tests) 16ms
 ✓ src/utils/installationManager.test.ts (4 tests) 12ms
 ✓ src/telemetry/uiTelemetry.test.ts (19 tests) 21ms
 ✓ src/mcp/token-storage/base-token-storage.test.ts (12 tests) 7ms
 ✓ src/safety/registry.test.ts (4 tests) 5ms
 ✓ src/tools/tool-names.test.ts (5 tests) 6ms
 ✓ src/utils/partUtils.test.ts (37 tests) 16ms
working stdoutworking stderr ✓ src/utils/stdio.test.ts (2 tests) 10ms
 ✓ src/routing/strategies/overrideStrategy.test.ts (3 tests) 4ms
 ✓ src/agents/codebase-investigator.test.ts (2 tests) 5ms
 ✓ src/prompts/mcp-prompts.test.ts (2 tests) 10ms
 ✓ src/config/storage.test.ts (8 tests) 8ms
 ✓ src/resources/resource-registry.test.ts (4 tests) 5ms
 ✓ src/utils/safeJsonStringify.test.ts (8 tests) 5ms
 ✓ src/telemetry/telemetry-utils.test.ts (6 tests) 3ms
 ✓ src/core/turn.test.ts (21 tests) 27ms
 ✓ src/core/tokenLimits.test.ts (5 tests) 6ms
 ✓ src/utils/flashFallback.test.ts (4 tests) 13ms
 ✓ src/utils/textUtils.test.ts (12 tests) 5ms
 ✓ src/utils/formatters.test.ts (4 tests) 5ms
 ✓ src/commands/extensions.test.ts (1 test) 5ms
 ✓ src/utils/filesearch/result-cache.test.ts (3 tests) 7ms
 ✓ src/commands/init.test.ts (2 tests) 5ms
 ✓ src/index.test.ts (1 test) 5ms
 ✓ src/routing/strategies/defaultStrategy.test.ts (1 test) 4ms
 ✓ src/code_assist/codeAssist.test.ts (7 tests) 27ms
 ✓ src/telemetry/sanitize.test.ts (18 tests) 12ms
 ✓ src/code_assist/telemetry.test.ts (16 tests) 12ms
 ✓ src/agents/remote-invocation.test.ts (2 tests) 4ms
 ✓ src/agents/introspection-agent.test.ts (5 tests) 3ms
 ✓ src/services/chatCompressionService.test.ts (17 tests) 10ms
 ✓ src/code_assist/setup.test.ts (7 tests) 8ms
 ✓ src/utils/extensionLoader.test.ts (9 tests | 1 skipped) 15ms
 ✓ src/telemetry/config.test.ts (14 tests) 11ms
 ✓ src/config/flashFallback.test.ts (2 tests) 4ms
 ✓ src/utils/tool-utils.test.ts (8 tests) 4ms
 ✓ src/utils/errorParsing.test.ts (10 tests) 4ms
 ✓ src/telemetry/metrics.test.ts (68 tests) 15131ms
   ✓ Telemetry Metrics > recordFlickerFrame > does not record metrics if not initialized  648ms
   ✓ Telemetry Metrics > recordFlickerFrame > records a flicker frame event when initialized  558ms
   ✓ Telemetry Metrics > recordExitFail > does not record metrics if not initialized  730ms
   ✓ Telemetry Metrics > recordExitFail > records a exit fail event when initialized  676ms
   ✓ Telemetry Metrics > recordSlowRender > does not record metrics if not initialized  702ms
   ✓ Telemetry Metrics > recordSlowRender > records a slow render event when initialized  752ms
   ✓ Telemetry Metrics > initializeMetrics > should apply common attributes including email  620ms
   ✓ Telemetry Metrics > recordChatCompressionMetrics > does not record metrics if not initialized  617ms
   ✓ Telemetry Metrics > recordChatCompressionMetrics > records token compression with the correct attributes  628ms
   ✓ Telemetry Metrics > recordTokenUsageMetrics > should not record metrics if not initialized  784ms
   ✓ Telemetry Metrics > recordTokenUsageMetrics > should record token usage for 'input' type with 100 tokens for model 'gemini-pro'  746ms
   ✓ Telemetry Metrics > recordTokenUsageMetrics > should record token usage for 'output' type with 50 tokens for model 'gemini-pro'  817ms
   ✓ Telemetry Metrics > recordTokenUsageMetrics > should record token usage for 'thought' type with 25 tokens for model 'gemini-pro'  871ms
   ✓ Telemetry Metrics > recordTokenUsageMetrics > should record token usage for 'cache' type with 75 tokens for model 'gemini-pro'  764ms
   ✓ Telemetry Metrics > recordTokenUsageMetrics > should record token usage for 'tool' type with 125 tokens for model 'gemini-pro'  638ms

⎯⎯⎯⎯⎯⎯⎯ Failed Tests 1 ⎯⎯⎯⎯⎯⎯⎯

 FAIL  src/core/client.test.ts > Gemini Client (client.ts) > startChat > should include environment context when resuming a session
AssertionError: expected 'This is TermAI, a general terminal ag…' to contain 'This is the Gemini CLI'

[32m- Expected[39m
[31m+ Received[39m

[32m- This is [7mthe Gemini CLI[27m[39m
[31m+ This is [7mTermAI, a general terminal agent. We are setting up the context for our chat.[27m[39m
[31m+ Today's date is Saturday, December 20, 2025 (formatted according to the user's locale).[39m
[31m+ My operating system is: linux[39m
[31m+ The project's temporary directory is: /test/temp[39m
[31m+ ## Current System State[39m
[31m+ - OS: linux 6.14.0-37-generic[39m
[31m+ - CPU: 20 cores, load (1m): 9.81[39m
[31m+ - RAM: 14 GB used of 31 GB (45.4%)[39m
[31m+ - Disk: Run 'df -h' for details if needed.[39m
[31m+ I'm currently working in the directory: /test/dir[39m
[31m+ Here is the folder structure of the current working directories:[39m
[31m+[39m
[31m+ Reminder: Do not return an empty response when a tool call is required.[39m
[31m+[39m
[31m+ My setup is complete. I will provide my first command in the next turn.[39m

 ❯ src/core/client.test.ts:345:43
    343|       // The first message should be the environment context
    344|       expect(history[0].role).toBe('user');
    345|       expect(history[0].parts?.[0]?.text).toContain('This is the Gemin…
       |                                           ^
    346|       expect(history[0].parts?.[0]?.text).toContain(
    347|         "The project's temporary directory is:",

⎯⎯⎯⎯⎯⎯⎯⎯⎯⎯⎯⎯⎯⎯⎯⎯⎯⎯⎯⎯⎯⎯⎯⎯[1/1]⎯


 Test Files  1 failed | 201 passed (202)
      Tests  1 failed | 3717 passed | 24 skipped (3742)
   Start at  07:09:52
   Duration  19.99s (transform 9.14s, setup 2.48s, collect 161.36s, tests 39.19s, environment 52ms, prepare 20.04s)

JUNIT report written to /home/profharita/Code/termAI/packages/core/junit.xml
npm error Lifecycle script `test:ci` failed with error:
npm error code 1
npm error path /home/profharita/Code/termAI/packages/core
npm error workspace @google/gemini-cli-core@0.21.0-nightly.20251219.70696e364
npm error location /home/profharita/Code/termAI/packages/core
npm error command failed
npm error command sh -c vitest run
